../Core/Src/stm32u5xx_it.c:80:6:NMI_Handler	4	static
../Core/Src/stm32u5xx_it.c:95:6:HardFault_Handler	4	static
../Core/Src/stm32u5xx_it.c:110:6:MemManage_Handler	4	static
../Core/Src/stm32u5xx_it.c:125:6:BusFault_Handler	4	static
../Core/Src/stm32u5xx_it.c:140:6:UsageFault_Handler	4	static
../Core/Src/stm32u5xx_it.c:155:6:SVC_Handler	4	static
../Core/Src/stm32u5xx_it.c:168:6:DebugMon_Handler	4	static
../Core/Src/stm32u5xx_it.c:181:6:PendSV_Handler	4	static
../Core/Src/stm32u5xx_it.c:194:6:SysTick_Handler	8	static
../Core/Src/stm32u5xx_it.c:215:6:EXTI0_IRQHandler	8	static
../Core/Src/stm32u5xx_it.c:229:6:EXTI1_IRQHandler	8	static
../Core/Src/stm32u5xx_it.c:243:6:EXTI2_IRQHandler	8	static
../Core/Src/stm32u5xx_it.c:257:6:EXTI3_IRQHandler	8	static
../Core/Src/stm32u5xx_it.c:271:6:EXTI4_IRQHandler	8	static
../Core/Src/stm32u5xx_it.c:285:6:EXTI5_IRQHandler	8	static
../Core/Src/stm32u5xx_it.c:299:6:EXTI6_IRQHandler	8	static
../Core/Src/stm32u5xx_it.c:313:6:EXTI8_IRQHandler	8	static
../Core/Src/stm32u5xx_it.c:327:6:EXTI11_IRQHandler	8	static
../Core/Src/stm32u5xx_it.c:341:6:EXTI13_IRQHandler	8	static
../Core/Src/stm32u5xx_it.c:355:6:EXTI15_IRQHandler	8	static
../Core/Src/stm32u5xx_it.c:369:6:GPDMA1_Channel0_IRQHandler	8	static
../Core/Src/stm32u5xx_it.c:383:6:GPDMA1_Channel1_IRQHandler	8	static
../Core/Src/stm32u5xx_it.c:397:6:GPDMA1_Channel2_IRQHandler	8	static
../Core/Src/stm32u5xx_it.c:411:6:GPDMA1_Channel3_IRQHandler	8	static
../Core/Src/stm32u5xx_it.c:425:6:GPDMA1_Channel5_IRQHandler	8	static
../Core/Src/stm32u5xx_it.c:439:6:TIM2_IRQHandler	8	static
../Core/Src/stm32u5xx_it.c:480:6:I2C1_EV_IRQHandler	8	static
../Core/Src/stm32u5xx_it.c:494:6:I2C1_ER_IRQHandler	8	static
../Core/Src/stm32u5xx_it.c:508:6:I2C2_EV_IRQHandler	8	static
../Core/Src/stm32u5xx_it.c:522:6:I2C2_ER_IRQHandler	8	static
../Core/Src/stm32u5xx_it.c:536:6:SPI2_IRQHandler	8	static
../Core/Src/stm32u5xx_it.c:550:6:I2C4_EV_IRQHandler	8	static
../Core/Src/stm32u5xx_it.c:564:6:I2C4_ER_IRQHandler	8	static
